---
source: crates/wikirs-tui/tests/tui.rs
assertion_line: 285
expression: fx.frame()
---
 wikirs   Engineering / Rust / Async notes
┌ Pages ───────────────────┐┌ Async notes ───────────────────────────────────────────┐┌────────────────────────────────┐
│Engineering        ┌ Backlinks (Enter opens) ─────────────────────────────────────────────────────┐                   │
│  Rust             │Rust                     eng/rust                                             │                   │
│    Async notes    │Inbox                    inbox                                                │                   │
│Inbox              │                                                                              │                   │
│                   │                                                                              │                   │
│                   │                                                                              │t                  │
│                   │                                                                              │ust/async/diagram.p│
│                   │                                                                              │                   │
│                   │                                                                              │                   │
│                   │                                                                              │                   │
│                   │                                                                              │                   │
│                   │                                                                              │                   │
│                   │                                                                              │async              │
│                   │                                                                              │                   │
│                   │                                                                              │                   │
│                   │                                                                              │                   │
│                   │                                                                              │                   │
│                   └──────────────────────────────────────────────────────────────────────────────┘                   │
│                          ││                                                        ││                                │
│                          ││                                                        ││                                │
│                          ││                                                        ││                                │
│                          ││                                                        ││                                │
│                          ││                                                        ││                                │
│                          ││                                                        ││                                │
│                          ││                                                        ││                                │
│                          ││                                                        ││                                │
└──────────────────────────┘└────────────────────────────────────────────────────────┘└────────────────────────────────┘
 Tab links  1-9 follow  o open  / search  b backlinks  t tasks  e edit  E $EDITOR  R move  : cmd  ^k ops  q quit
