---
source: crates/wikirs-tui/tests/tui.rs
assertion_line: 163
expression: fx.frame()
---
 wikirs   Engineering / Rust
┌ Pages ───────────────────┐┌ Rust ──────────────────────────────────────────────────┐┌────────────────────────────────┐
│Engineering               ││Rust                                                    ││BACKLINKS                       │
│  Rust                    ││                                                        ││  Engineering                   │
│    Async notes           ││• [1]Async                                              ││  Async notes                   │
│Inbox                     ││• [2]eng/missing                                        ││                                │
│                          ││                                                        ││LINKS                           │
│                          ││filler                                                  ││  [1] eng/rust/async            │
│                          ││                                                        ││  [2] ✗ eng/missing             │
│                          ││filler                                                  ││                                │
│                          ││                                                        ││OUTLINE                         │
│                          ││filler                                                  ││  Rust                          │
│                          ││                                                        ││    Pinning                     │
│                          ││Pinning                                                 ││                                │
│                          ││                                                        ││TAGS                            │
│                          ││Pin it. #lang/rust                                      ││  #lang/rust                    │
│                          ││                                                        ││                                │
│                          ││                                                        ││                                │
│                          ││                                                        ││                                │
│                          ││                                                        ││                                │
│                          ││                                                        ││                                │
│                          ││                                                        ││                                │
│                          ││                                                        ││                                │
│                          ││                                                        ││                                │
│                          ││                                                        ││                                │
│                          ││                                                        ││                                │
│                          ││                                                        ││                                │
│                          ││                                                        ││                                │
└──────────────────────────┘└────────────────────────────────────────────────────────┘└────────────────────────────────┘
 Tab links  1-9 follow  o open  / search  b backlinks  t tasks  e edit  E $EDITOR  R move  : cmd  ^k ops  q quit
