---
source: crates/wikirs-tui/tests/tui.rs
assertion_line: 389
expression: fx.frame()
---
 wikirs   Inbox  ● unsaved
 CHANGED ON DISK: (Esc first if editing)  [r] Reload   [m] Keep mine   [d] Compare
┌ Mine (unsaved) ──────────────────────────────────────────┐┌ On disk (d closes) ──────────────────────────────────────┐
│mine # Inbox                                              ││theirs                                                    │
│                                                          ││                                                          │
│- read [[eng/rust/async]]                                 ││                                                          │
│                                                          ││                                                          │
│                                                          ││                                                          │
│                                                          ││                                                          │
│                                                          ││                                                          │
│                                                          ││                                                          │
│                                                          ││                                                          │
│                                                          ││                                                          │
│                                                          ││                                                          │
│                                                          ││                                                          │
│                                                          ││                                                          │
│                                                          ││                                                          │
│                                                          ││                                                          │
│                                                          ││                                                          │
│                                                          ││                                                          │
│                                                          ││                                                          │
│                                                          ││                                                          │
│                                                          ││                                                          │
│                                                          ││                                                          │
│                                                          ││                                                          │
└──────────────────────────────────────────────────────────┘└──────────────────────────────────────────────────────────┘
│                          ││                                                        ││                                │
│                          ││                                                        ││                                │
└──────────────────────────┘└────────────────────────────────────────────────────────┘└────────────────────────────────┘
 Tab links  1-9 follow  o open  / search  b backlinks  t tasks  e edit  E $EDITOR  R move  : cmd  ^k ops  q quit
